<html>
<body>
<pre>
<h1>µVision Build Log</h1>
<h2>Project:</h2>
D:\ec\LPC-2148\code\38. DAC_sin_wave\dac_sine.uvproj
Project File Date:  12/03/2024

<h2>Output:</h2>
Rebuild target 'Target 1'
assembling Startup.s...
compiling dac_sine.c...
linking...
Program Size: Code=668 RO-data=184 RW-data=0 ZI-data=1256  
".\dac_sine.axf" - 0 Error(s), 0 Warning(s).
</pre>
</body>
</html>
lared but never referenced
        int k;
dac_sine.c: 1 warning, 0 errors
"dac_sine.c" - 0 Error(s), 1 Warning(s).
compiling dac_sine.c...
"dac_sine.c" - 0 Error(s), 0 Warning(s).
m Size: Code=668 RO-data=184 RW-data=0 ZI-data=1256  
".\dac_sine.axf" - 0 Error(s), 1 Warning(s).
compiling dac_sine.c...
dac_sine.c(6): warning:  #177-D: variable "sin_wave" was declared but never referenced
        int sin_wave[42] = { 512,591,665,742,808,873,926,968,998,1017,1023,1017,998,968,926,873,808,742,665,591,512,436,359,282,216,211,151,97,55,25,6,0,6,25,55,97,151,211,216,282,359,436 };
dac_sine.c: 1 warning, 0 errors
"dac_sine.c" - 0 Error(s), 1 Warning(s).
.c: 1 warning, 0 errors
"dac_sine.c" - 0 Error(s), 1 Warning(s).
