<html>
<body>
<pre>
<h1>µVision Build Log</h1>
<h2>Project:</h2>
D:\ec\LPC-2148\code\switch_1\switch_1.uvproj
Project File Date:  11/25/2024

<h2>Output:</h2>
Rebuild target 'Target 1'
assembling Startup.s...
compiling switch_1.c...
linking...
Program Size: Code=480 RO-data=16 RW-data=0 ZI-data=1256  
FromELF: creating hex file...
".\switch_1.axf" - 0 Error(s), 0 Warning(s).
</pre>
</body>
</html>
_1.c(15): error:  #65: expected a ";"
                else{
switch_1.c(19): warning:  #1-D: last line of file ends without a newline
  }
switch_1.c: 2 warnings, 2 errors
"switch_1.c" - 2 Error(s), 2 Warning(s).
compiling switch_1.c...
"switch_1.c" - 0 Error(s), 0 Warning(s).
compiling switch_1.c...
"switch_1.c" - 0 Error(s), 0 Warning(s).
Error: Could not load file 'D:\ec\LPC-2148\code\switch_1\switch_1.axf'. Debugger aborted !
Error: Could not load file 'D:\ec\LPC-2148\code\switch_1\switch_1.axf'. Debugger aborted !
