<html>
<body>
<pre>
<h1>µVision Build Log</h1>
<h2>Project:</h2>
D:\ec\LPC-2148\code\led_bitwise\led_bitwise_macro.uvproj
Project File Date:  11/25/2024

<h2>Output:</h2>
Build target 'Target 1'
assembling Startup.s...
compiling led_bitwise_marco.c...
linking...
Program Size: Code=512 RO-data=16 RW-data=0 ZI-data=1256  
FromELF: creating hex file...
".\led_bitwise_macro.axf" - 0 Error(s), 0 Warning(s).
compiling led_bitwise_marco.c...
led_bitwise_marco.c(10): error:  #20: identifier "IODRIR0" is undefined
        IODRIR0 = led || led1;          // this way of writing consider both to run as OR condition is there.
led_bitwise_marco.c: 0 warnings, 1 error
"led_bitwise_marco.c" - 1 Error(s), 0 Warning(s).
compiling led_bitwise_marco.c...
"led_bitwise_marco.c" - 0 Error(s), 0 Warning(s).
compiling led_bitwise_marco.c...
"led_bitwise_marco.c" - 0 Error(s), 0 Warning(s).
</pre>
</body>
</html>
