<html>
<body>
<pre>
<h1>µVision Build Log</h1>
<h2>Project:</h2>
D:\ec\LPC-2148\code\36.DAC_triangular_wave\dac_triangluar.uvproj
Project File Date:  12/03/2024

<h2>Output:</h2>
Rebuild target 'Target 1'
assembling Startup.s...
compiling dac_triangular.c...
linking...
Program Size: Code=576 RO-data=16 RW-data=0 ZI-data=1256  
".\dac_triangluar.axf" - 0 Error(s), 0 Warning(s).
</pre>
</body>
</html>
parison of unsigned integer with zero
                for(i=0x3FF; i>=0x000; i--){
dac_triangular.c: 1 warning, 0 errors
"dac_triangular.c" - 0 Error(s), 1 Warning(s).
compiling dac_triangular.c...
"dac_triangular.c" - 0 Error(s), 0 Warning(s).
F; i>=0x000; i--){
dac_triangular.c: 2 warnings, 0 errors
"dac_triangular.c" - 0 Error(s), 2 Warning(s).
