<html>
<body>
<pre>
<h1>µVision Build Log</h1>
<h2>Project:</h2>
D:\ec\LPC-2148\code\6.2_sw_2_led\2_sw_2_led.uvproj
Project File Date:  11/25/2024

<h2>Output:</h2>
Rebuild target 'Target 1'
assembling Startup.s...
compiling 2_sw_2_led.c...
linking...
Program Size: Code=524 RO-data=16 RW-data=0 ZI-data=1256  
FromELF: creating hex file...
".\2_sw_2_led.axf" - 0 Error(s), 0 Warning(s).
</pre>
</body>
</html>
" - 0 Error(s), 2 Warning(s).
compiling 2_sw_2_led.c...
"2_sw_2_led.c" - 0 Error(s), 0 Warning(s).
