<html>
<body>
<pre>
<h1>µVision Build Log</h1>
<h2>Project:</h2>
D:\ec\LPC-2148\target\6.keypad\keypad_4x4.uvproj
Project File Date:  12/12/2024

<h2>Output:</h2>
Rebuild target 'Target 1'
assembling Startup.s...
compiling keypad_4x4.c...
linking...
Program Size: Code=2092 RO-data=16 RW-data=0 ZI-data=1256  
FromELF: creating hex file...
".\keypad_4x4.axf" - 0 Error(s), 0 Warning(s).
</pre>
</body>
</html>

"keypad_4x4.c" - 0 Error(s), 0 Warning(s).
compiling keypad_4x4.c...
"keypad_4x4.c" - 0 Error(s), 0 Warning(s).
