<html>
<body>
<pre>
<h1>µVision Build Log</h1>
<h2>Project:</h2>
D:\ec\LPC-2148\code\dc_mtr_swt\dc_mtr_swt.uvproj
Project File Date:  11/27/2024

<h2>Output:</h2>
Build target 'Target 1'
linking...
Program Size: Code=560 RO-data=16 RW-data=0 ZI-data=1256  
FromELF: creating hex file...
".\dc_mtr_swt.axf" - 0 Error(s), 0 Warning(s).
</pre>
</body>
</html>

"dc_mtr_swt.c" - 0 Error(s), 0 Warning(s).
swt.c...
"dc_mtr_swt.c" - 0 Error(s), 0 Warning(s).
failed  -  Target DLL has been cancelled
compiling dc_mtr_swt.c...
"dc_mtr_swt.c" - 0 Error(s), 0 Warning(s).
et not created
compiling dc_mtr_swt.c...
dc_mtr_swt.c(20): error:  #29: expected an expression
                if(IO0PIN & sw1) == 0){
dc_mtr_swt.c(25): warning:  #12-D: parsing restarts here after previous syntax error
                else{
dc_mtr_swt.c(25): error:  #65: expected a ";"
                else{
dc_mtr_swt.c: 1 warning, 2 errors
"dc_mtr_swt.c" - 2 Error(s), 1 Warning(s).
compiling dc_mtr_swt.c...
"dc_mtr_swt.c" - 0 Error(s), 0 Warning(s).
"}"
dc_mtr_swt.c: 1 warning, 3 errors
"dc_mtr_swt.c" - 3 Error(s), 1 Warning(s).
compiling dc_mtr_swt.c...
dc_mtr_swt.c(20): error:  #29: expected an expression
                if(IO0PIN & sw1) == 0){
dc_mtr_swt.c(25): warning:  #12-D: parsing restarts here after previous syntax error
                else{
dc_mtr_swt.c(25): error:  #65: expected a ";"
                else{
dc_mtr_swt.c(31): error: At end of source:  #67: expected a "}"
dc_mtr_swt.c: 1 warning, 3 errors
"dc_mtr_swt.c" - 3 Error(s), 1 Warning(s).
