<html>
<body>
<pre>
<h1>µVision Build Log</h1>
<h2>Project:</h2>
D:\ec\LPC-2148\target\7.dc_mtr_sw\dc_mtr_sw.uvproj
Project File Date:  12/15/2024

<h2>Output:</h2>
Rebuild target 'Target 1'
assembling Startup.s...
compiling dc_mtr_sw.c...
dc_mtr_sw.c(42): warning:  #1-D: last line of file ends without a newline
        
dc_mtr_sw.c: 1 warning, 0 errors
linking...
Program Size: Code=904 RO-data=16 RW-data=0 ZI-data=1256  
FromELF: creating hex file...
".\dc_mtr_sw.axf" - 0 Error(s), 1 Warning(s).
</pre>
</body>
</html>
