<html>
<body>
<pre>
<h1>µVision Build Log</h1>
<h2>Project:</h2>
D:\ec\LPC-2148\code\45.Ext_Interrupt_0\ext_interrupt_0.uvproj
Project File Date:  12/05/2024

<h2>Output:</h2>
Rebuild target 'Target 1'
assembling Startup.s...
compiling ext_interrupt_0.c...
ext_interrupt_0.c(37): warning:  #1-D: last line of file ends without a newline
  }
ext_interrupt_0.c: 1 warning, 0 errors
linking...
Program Size: Code=928 RO-data=16 RW-data=0 ZI-data=1256  
FromELF: creating hex file...
".\ext_interrupt_0.axf" - 0 Error(s), 1 Warning(s).

ext_interrupt_0.c(37): warning:  #1-D: last line of file ends without a newline
  }
ext_interrupt_0.c: 1 warning, 0 errors
"ext_interrupt_0.c" - 0 Error(s), 1 Warning(s).
