<html>
<body>
<pre>
<h1>µVision Build Log</h1>
<h2>Project:</h2>
D:\ec\LPC-2148\target\4.buzzer\buzzer.uvproj
Project File Date:  12/11/2024

<h2>Output:</h2>
Rebuild target 'Target 1'
assembling Startup.s...
compiling buzzer.c...
linking...
Program Size: Code=900 RO-data=16 RW-data=0 ZI-data=1256  
FromELF: creating hex file...
".\buzzer.axf" - 0 Error(s), 0 Warning(s).
</pre>
</body>
</html>
d 1 error messages.
".\buzzer.axf" - 1 Error(s), 0 Warning(s).
Target not created
compiling buzzer.c...
"buzzer.c" - 0 Error(s), 0 Warning(s).
