<html>
<body>
<pre>
<h1>µVision Build Log</h1>
<h2>Project:</h2>
D:\ec\LPC-2148\code\dc_mtr\dc_mtr.uvproj
Project File Date:  11/27/2024

<h2>Output:</h2>
Rebuild target 'Target 1'
assembling Startup.s...
compiling dc_mtr.c...
linking...
Program Size: Code=520 RO-data=16 RW-data=0 ZI-data=1256  
FromELF: creating hex file...
".\dc_mtr.axf" - 0 Error(s), 0 Warning(s).
</pre>
</body>
</html>
(s).
mtr.c(23): warning:  #1-D: last line of file ends without a newline
                
dc_mtr.c(23): error: At end of source:  #67: expected a "}"
dc_mtr.c(23): error: At end of source:  #67: expected a "}"
dc_mtr.c: 1 warning, 4 errors
".\dc_mtr.axf" - 4 Error(s), 1 Warning(s).
Target not created
compiling dc_mtr.c...
dc_mtr.c(20): error:  #20: identifier "IN1" is undefined
                IO0SET = IN1;
dc_mtr.c(21): error:  #20: identifier "IN2" is undefined
                IO0CLR = IN2;
dc_mtr.c: 0 warnings, 2 errors
"dc_mtr.c" - 2 Error(s), 0 Warning(s).
compiling dc_mtr.c...
"dc_mtr.c" - 0 Error(s), 0 Warning(s).
